components/season/SearchResultsView.tsx(2,10): error TS6133: 'useSeasons' is declared but its value is never read.
components/season/SeasonView.tsx(2,18): error TS6133: 'Unit' is declared but its value is never read.
context/SeasonContext.tsx(1,74): error TS6133: 'useEffect' is declared but its value is never read.
vite.config.ts(1,18): error TS2307: Cannot find module 'path' or its corresponding type declarations.
vite.config.ts(13,29): error TS2304: Cannot find name '__dirname'.
